// Bun Snapshot v1, https://bun.sh/docs/test/snapshots

exports[`pcb silkscreen text (no knockout) 1`] = `"<svg xmlns="http://www.w3.org/2000/svg" width="800" height="600"><style></style><rect class="boundary" x="0" y="0" fill="#000" width="800" height="600"/><rect class="pcb-boundary" fill="none" stroke="#fff" stroke-width="0.3" x="400" y="300" width="0" height="0"/><text x="0" y="0" dx="0" dy="0" fill="#f2eda1" font-family="Arial, sans-serif" font-size="720" text-anchor="middle" dominant-baseline="central" transform="matrix(1,0,0,1,400,300)" class="pcb-silkscreen-text pcb-silkscreen-top" data-pcb-silkscreen-text-id="pcb_silkscreen_text_0" stroke="none">HV-IN</text></svg>"`;
