// Bun Snapshot v1, https://bun.sh/docs/test/snapshots

exports[`pcb silkscreen text (no knockout) 1`] = `"<svg xmlns="http://www.w3.org/2000/svg" width="800" height="600"><style></style><rect class="boundary" x="0" y="0" fill="#000" width="800" height="600"/><rect class="pcb-boundary" fill="none" stroke="#fff" stroke-width="0.3" x="400" y="300" width="0" height="0"/><text x="0" y="0" dx="0" dy="0" fill="#f2eda1" font-family="Arial, sans-serif" font-size="720" text-anchor="middle" dominant-baseline="central" transform="matrix(1,0,0,1,400,300)" class="pcb-silkscreen-text pcb-silkscreen-top" data-pcb-silkscreen-text-id="pcb_silkscreen_text_0" stroke="none">HV-IN</text></svg>"`;

exports[`pcb silkscreen text (knockout + padding) 1`] = `"<svg xmlns="http://www.w3.org/2000/svg" width="800" height="600"><style></style><rect class="boundary" x="0" y="0" fill="#000" width="800" height="600"/><rect class="pcb-boundary" fill="none" stroke="#fff" stroke-width="0.3" x="400" y="300" width="0" height="0"/><g transform="rotate(0, 400, 300)"><defs><mask id="pcb-silk-ko-1"><rect x="-1230" y="-582" width="2460" height="1164" fill="white" transform="matrix(1,0,0,1,400,300)"/><text x="0" y="0" dx="0" dy="0" fill="black" font-family="Arial, sans-serif" font-size="720" text-anchor="middle" dominant-baseline="central" transform="matrix(1,0,0,1,400,300)">HELLO</text></mask></defs><rect x="-1230" y="-582" width="2460" height="1164" fill="#f2eda1" transform="matrix(1,0,0,1,400,300)" mask="url(#pcb-silk-ko-1)" class="pcb-silkscreen-text pcb-silkscreen-top" data-pcb-silkscreen-text-id="pcb_silkscreen_text_1"/></g></svg>"`;

exports[`pcb silkscreen text (knockout rotated 15Â°) 1`] = `"<svg xmlns="http://www.w3.org/2000/svg" width="800" height="600"><style></style><rect class="boundary" x="0" y="0" fill="#000" width="800" height="600"/><rect class="pcb-boundary" fill="none" stroke="#fff" stroke-width="0.3" x="400" y="300" width="0" height="0"/><g transform="rotate(15, 400, 300)"><defs><mask id="pcb-silk-ko-2"><rect x="-630" y="-450" width="1260" height="900" fill="white" transform="matrix(1,0,0,1,400,300)"/><text x="0" y="0" dx="0" dy="0" fill="black" font-family="Arial, sans-serif" font-size="600" text-anchor="middle" dominant-baseline="central" transform="matrix(0.9659258262890683,0.25881904510252074,-0.25881904510252074,0.9659258262890683,400,300)">VIN</text></mask></defs><rect x="-630" y="-450" width="1260" height="900" fill="#f2eda1" transform="matrix(1,0,0,1,400,300)" mask="url(#pcb-silk-ko-2)" class="pcb-silkscreen-text pcb-silkscreen-top" data-pcb-silkscreen-text-id="pcb_silkscreen_text_2"/></g></svg>"`;
